// Jest Snapshot v1, https://goo.gl/fbAQLP

exports[`Card should look like its snapshot 1`] = `
ShallowWrapper {
  "length": 1,
  Symbol(enzyme.__root__): [Circular],
  Symbol(enzyme.__unrendered__): <Unknown
    house={
        Object {
            "name": "House Dayne of Starfall",
            "swornMembers": Array [],
          }
    }
/>,
  Symbol(enzyme.__renderer__): Object {
    "batchedUpdates": [Function],
    "getNode": [Function],
    "render": [Function],
    "simulateEvent": [Function],
    "unmount": [Function],
  },
  Symbol(enzyme.__node__): Object {
    "instance": null,
    "key": undefined,
    "nodeType": "host",
    "props": Object {
      "children": Array [
        <h3>
          Name: 
          House Dayne of Starfall
</h3>,
        <p>
          Founded: 
</p>,
        <p>
          Seats: 
</p>,
        <p>
          Titles: 
</p>,
        <p>
          Coat of Arms: 
</p>,
        <p>
          Ancestral Weapons: 
</p>,
        <p />,
        Array [],
      ],
      "className": "Card",
      "id": "House Dayne of Starfall",
      "onClick": undefined,
    },
    "ref": null,
    "rendered": Array [
      Object {
        "instance": null,
        "key": undefined,
        "nodeType": "host",
        "props": Object {
          "children": Array [
            "Name: ",
            "House Dayne of Starfall",
          ],
        },
        "ref": null,
        "rendered": Array [
          "Name: ",
          "House Dayne of Starfall",
        ],
        "type": "h3",
      },
      Object {
        "instance": null,
        "key": undefined,
        "nodeType": "host",
        "props": Object {
          "children": Array [
            "Founded: ",
            undefined,
          ],
        },
        "ref": null,
        "rendered": Array [
          "Founded: ",
          undefined,
        ],
        "type": "p",
      },
      Object {
        "instance": null,
        "key": undefined,
        "nodeType": "host",
        "props": Object {
          "children": Array [
            "Seats: ",
            undefined,
          ],
        },
        "ref": null,
        "rendered": Array [
          "Seats: ",
          undefined,
        ],
        "type": "p",
      },
      Object {
        "instance": null,
        "key": undefined,
        "nodeType": "host",
        "props": Object {
          "children": Array [
            "Titles: ",
            undefined,
          ],
        },
        "ref": null,
        "rendered": Array [
          "Titles: ",
          undefined,
        ],
        "type": "p",
      },
      Object {
        "instance": null,
        "key": undefined,
        "nodeType": "host",
        "props": Object {
          "children": Array [
            "Coat of Arms: ",
            undefined,
          ],
        },
        "ref": null,
        "rendered": Array [
          "Coat of Arms: ",
          undefined,
        ],
        "type": "p",
      },
      Object {
        "instance": null,
        "key": undefined,
        "nodeType": "host",
        "props": Object {
          "children": Array [
            "Ancestral Weapons: ",
            undefined,
          ],
        },
        "ref": null,
        "rendered": Array [
          "Ancestral Weapons: ",
          undefined,
        ],
        "type": "p",
      },
      Object {
        "instance": null,
        "key": undefined,
        "nodeType": "host",
        "props": Object {
          "children": undefined,
        },
        "ref": null,
        "rendered": null,
        "type": "p",
      },
    ],
    "type": "article",
  },
  Symbol(enzyme.__nodes__): Array [
    Object {
      "instance": null,
      "key": undefined,
      "nodeType": "host",
      "props": Object {
        "children": Array [
          <h3>
            Name: 
            House Dayne of Starfall
</h3>,
          <p>
            Founded: 
</p>,
          <p>
            Seats: 
</p>,
          <p>
            Titles: 
</p>,
          <p>
            Coat of Arms: 
</p>,
          <p>
            Ancestral Weapons: 
</p>,
          <p />,
          Array [],
        ],
        "className": "Card",
        "id": "House Dayne of Starfall",
        "onClick": undefined,
      },
      "ref": null,
      "rendered": Array [
        Object {
          "instance": null,
          "key": undefined,
          "nodeType": "host",
          "props": Object {
            "children": Array [
              "Name: ",
              "House Dayne of Starfall",
            ],
          },
          "ref": null,
          "rendered": Array [
            "Name: ",
            "House Dayne of Starfall",
          ],
          "type": "h3",
        },
        Object {
          "instance": null,
          "key": undefined,
          "nodeType": "host",
          "props": Object {
            "children": Array [
              "Founded: ",
              undefined,
            ],
          },
          "ref": null,
          "rendered": Array [
            "Founded: ",
            undefined,
          ],
          "type": "p",
        },
        Object {
          "instance": null,
          "key": undefined,
          "nodeType": "host",
          "props": Object {
            "children": Array [
              "Seats: ",
              undefined,
            ],
          },
          "ref": null,
          "rendered": Array [
            "Seats: ",
            undefined,
          ],
          "type": "p",
        },
        Object {
          "instance": null,
          "key": undefined,
          "nodeType": "host",
          "props": Object {
            "children": Array [
              "Titles: ",
              undefined,
            ],
          },
          "ref": null,
          "rendered": Array [
            "Titles: ",
            undefined,
          ],
          "type": "p",
        },
        Object {
          "instance": null,
          "key": undefined,
          "nodeType": "host",
          "props": Object {
            "children": Array [
              "Coat of Arms: ",
              undefined,
            ],
          },
          "ref": null,
          "rendered": Array [
            "Coat of Arms: ",
            undefined,
          ],
          "type": "p",
        },
        Object {
          "instance": null,
          "key": undefined,
          "nodeType": "host",
          "props": Object {
            "children": Array [
              "Ancestral Weapons: ",
              undefined,
            ],
          },
          "ref": null,
          "rendered": Array [
            "Ancestral Weapons: ",
            undefined,
          ],
          "type": "p",
        },
        Object {
          "instance": null,
          "key": undefined,
          "nodeType": "host",
          "props": Object {
            "children": undefined,
          },
          "ref": null,
          "rendered": null,
          "type": "p",
        },
      ],
      "type": "article",
    },
  ],
  Symbol(enzyme.__options__): Object {
    "adapter": ReactSixteenAdapter {
      "options": Object {
        "enableComponentDidUpdateOnSetState": true,
      },
    },
  },
}
`;
